2026-05-26 16:55:01 INFO component=secrets_loader secret_type=TYPE2001_SF_SESSION_ID value="sf.sessionId=00DHMlgdnmdLsGw!r5noHXZ87mgUf7138vH6Y43fvxV0ynlzVIV2jy7g32AfGBagxj4qN66XmJowAtvf50aeNoZcFDYV5TLnuk" tag=SYNTHETIC_TEST_ONLY
2026-05-26 16:55:02 INFO component=secrets_loader secret_type=TYPE2002_SF_SECURITY_TOKEN value="sf.securityToken=cUrCiDSGdYzHJAHmYi1bMvLI" tag=SYNTHETIC_TEST_ONLY
2026-05-26 16:55:03 INFO component=secrets_loader secret_type=TYPE2003_SF_CONSUMER_KEY value="sf.consumerKey=22b2252a60c40b5c09acbc91ef6c985c2d41813c472a003516fd0113f855c82a" tag=SYNTHETIC_TEST_ONLY
2026-05-26 16:55:04 INFO component=secrets_loader secret_type=TYPE2004_SF_CLIENT_SECRET value="sf.clientSecret=MUVVxKI2dNJaCJlAnQ4SUKMrPVPEX1fGSM7K5Pr-rekBolhnk1SuMRUv" tag=SYNTHETIC_TEST_ONLY
2026-05-26 16:55:05 INFO component=secrets_loader secret_type=TYPE2005_SF_REFRESH_TOKEN value="sf.refreshToken=5Aepz94X2GwKDQyYH_QOlBlXuUbOzIftgDFJuxxrSoIDZZkqyDDobDhTNCUg6a4avsAzrtKIg26FXIBEM-4BjQ" tag=SYNTHETIC_TEST_ONLY
2026-05-26 16:55:06 INFO component=secrets_loader secret_type=TYPE2006_SFDX_AUTH_URL value="SFDX_AUTH_URL=force://622a8ff04ad7f90a8f0213f63ee9e89757a8aa7ebddae0d288298adc229e345f:nOtXpaokew2qCJEo6e2vRoFRJctz1eTfS9Axn7h-TKCEDb:5Aepi8Rm2gVmLXLAI7JPkCEXyYfb83fIAdeXcBi9VGAsdE36cvPQAatha9Q1eLMJNwMES4CAojjeSVxa4b4Dj4Prd-EhA@https://gTM5q3zT.my.salesforce.com" tag=SYNTHETIC_TEST_ONLY
2026-05-26 16:55:07 INFO component=secrets_loader secret_type=TYPE2007_SF_LOGIN_URL value="sf.loginUrl=https://login.salesforce.com" tag=SYNTHETIC_TEST_ONLY
2026-05-26 16:55:08 INFO component=secrets_loader secret_type=TYPE2008_SF_INSTANCE_URL value="sf.instanceUrl=https://l4Mwin0T.my.salesforce.com" tag=SYNTHETIC_TEST_ONLY
2026-05-26 16:55:09 INFO component=secrets_loader secret_type=TYPE2009_SF_JWT_ASSERTION value="sf.jwt=eyJhbGciOiJIUzI1NiIsInR5cCI6IkpXVCJ9.eyJzdWIiOiJrVEhYcTNKTTNOIiwiaWF0IjoxNzc5Nzk1OTI2LCJhdWQiOiJodHRwczovL3Rlc3Quc2FsZXNmb3JjZS5jb20ifQ.36QEHoQbUUi3_1VVfT5YhMLfCh8eAGaiem95Gs6zn6A" tag=SYNTHETIC_TEST_ONLY
2026-05-26 16:55:10 INFO component=secrets_loader secret_type=TYPE2010_SF_NAMED_CRED value="sf.namedCredential.password=eFqGJqEXgejWygor_TwrSYb" tag=SYNTHETIC_TEST_ONLY
2026-05-26 16:55:11 INFO component=secrets_loader secret_type=TYPE2011_SF_SESSION_ID value="sf.sessionId=00D2MCm2u8KUSYq!tpyOcODGWYQAOsHy5IBxqcCeJu48w7YYwwVzuo7zbE1QnCjONVLEcq8kAQj3cyKtXBLlXadAATPdksmL" tag=SYNTHETIC_TEST_ONLY
2026-05-26 16:55:12 INFO component=secrets_loader secret_type=TYPE2012_SF_SECURITY_TOKEN value="sf.securityToken=mXy0Ww9LiL122vz2emxcNwRC" tag=SYNTHETIC_TEST_ONLY
2026-05-26 16:55:13 INFO component=secrets_loader secret_type=TYPE2013_SF_CONSUMER_KEY value="sf.consumerKey=08ff03017011ff133917a8dee5260fcac25024be471dcf92163c1a0823e94cbd" tag=SYNTHETIC_TEST_ONLY
2026-05-26 16:55:14 INFO component=secrets_loader secret_type=TYPE2014_SF_CLIENT_SECRET value="sf.clientSecret=UdVDSonxZ_XoF7sxe168sFwy949p6_GRsH-mNAD_0qJ-n" tag=SYNTHETIC_TEST_ONLY
2026-05-26 16:55:15 INFO component=secrets_loader secret_type=TYPE2015_SF_REFRESH_TOKEN value="sf.refreshToken=5AepB1sjshuWvwEQ2FsnZJSop-D7V_G5KxTNq0mh4MB0y2Fnk-uucXTaNeuzeaL--f7lNcSzlERCLvYErp08-5ekNloS5nf0__e7" tag=SYNTHETIC_TEST_ONLY
2026-05-26 16:55:16 INFO component=secrets_loader secret_type=TYPE2016_SFDX_AUTH_URL value="SFDX_AUTH_URL=force://6481cc9ff8c2101dfd4681aeac6b8f5744ca5fc3bf32b1a882ed2839c5a76d27:YtMFX0T-FDDEZpwJGCsc0N6ccxP1kRdGGG7MgS-Tb8FOVD1Apwn1:5AepSy6hILI3Mnz90OLM17IzrjGJAt8i0aW8blFoDU4Zi5ufV7K26MpO_BZdk50kifgQmcaMYd4YavSVcqaZbqAp7ahH@https://IGjox4qN.my.salesforce.com" tag=SYNTHETIC_TEST_ONLY
2026-05-26 16:55:17 INFO component=secrets_loader secret_type=TYPE2017_SF_LOGIN_URL value="sf.loginUrl=https://login.salesforce.com" tag=SYNTHETIC_TEST_ONLY
2026-05-26 16:55:18 INFO component=secrets_loader secret_type=TYPE2018_SF_INSTANCE_URL value="sf.instanceUrl=https://AFuiG1OO.my.salesforce.com" tag=SYNTHETIC_TEST_ONLY
2026-05-26 16:55:19 INFO component=secrets_loader secret_type=TYPE2019_SF_JWT_ASSERTION value="sf.jwt=eyJhbGciOiJIUzI1NiIsInR5cCI6IkpXVCJ9.eyJzdWIiOiJMd29COUxkMFFuIiwiaWF0IjoxNzc5Nzk1OTI2LCJhdWQiOiJodHRwczovL2xvZ2luLnNhbGVzZm9yY2UuY29tIn0.A78HYw-gp29qjC2cNhCHevHuCrOogQUtJTM9dwPVb_M" tag=SYNTHETIC_TEST_ONLY
2026-05-26 16:55:20 INFO component=secrets_loader secret_type=TYPE2020_SF_NAMED_CRED value="sf.namedCredential.password=9aQOFlLyhB7lsYC9KewKw" tag=SYNTHETIC_TEST_ONLY
2026-05-26 16:55:21 INFO component=secrets_loader secret_type=TYPE2021_SF_SESSION_ID value="sf.sessionId=00DNrC9jG2k7oIt!J1V37W75kdAGakfiKYBc7uN6rYKmONxLIyMdsQoWG41QyltFfGdazh7dw18LoJDmjZnZ3Uut5qLXwzyqA2ZCpBmMFvdY" tag=SYNTHETIC_TEST_ONLY
2026-05-26 16:55:22 INFO component=secrets_loader secret_type=TYPE2022_SF_SECURITY_TOKEN value="sf.securityToken=XsUdB03SGbz9sGVu2H5urjm4" tag=SYNTHETIC_TEST_ONLY
2026-05-26 16:55:23 INFO component=secrets_loader secret_type=TYPE2023_SF_CONSUMER_KEY value="sf.consumerKey=75946d97e9edc6bfe25c1bd8b7da9bacc11f0c738a49138cde613879c090c36e" tag=SYNTHETIC_TEST_ONLY
2026-05-26 16:55:24 INFO component=secrets_loader secret_type=TYPE2024_SF_CLIENT_SECRET value="sf.clientSecret=v5JkEhCJ2eP5z9UnLvEKRj5Ou1VpxKdQNCFGGQE1tCi35IdVQp" tag=SYNTHETIC_TEST_ONLY
2026-05-26 16:55:25 INFO component=secrets_loader secret_type=TYPE2025_SF_REFRESH_TOKEN value="sf.refreshToken=5AepJvZ7a8pBimkRtwVsXhDsRSLrVmOYWZjVZMIhjT_RIe4IPmaHnM6gAW2hAZaJddopgVJg3CUVpaEy814_z4BN88VlHMfxg" tag=SYNTHETIC_TEST_ONLY
2026-05-26 16:55:26 INFO component=secrets_loader secret_type=TYPE2026_CONNSTR value="Server=tcp:vwN4iO.database.windows.net,1433;Database=ap1x3vJG;User ID=DGZ5T6;Password=JBEUKxtN1vymxyvRG1dg_fsYOgoH4R;Encrypt=True;" tag=SYNTHETIC_TEST_ONLY
2026-05-26 16:55:27 INFO component=secrets_loader secret_type=TYPE2027_MONGO_URI value="mongodb+srv://Q0holY:84Pp4dSDljQegvlISxGYvyeTUnTYPmnsuMbeE8EFO6K@UvahZR.example.net/Cvu6k4?retryWrites=true&w=majority" tag=SYNTHETIC_TEST_ONLY
2026-05-26 16:55:28 INFO component=secrets_loader secret_type=TYPE2028_PG_URI value="postgresql://BiFWCJ:cUSXKhW4Nb2C75_hPdeFcRMtEjC3r2V1Pu@h172wG.example.net:5432/Pie7w4dK" tag=SYNTHETIC_TEST_ONLY
2026-05-26 16:55:29 INFO component=secrets_loader secret_type=TYPE2029_REDIS_URI value="redis://:-YKTA82XmfB-kQMyFrlGqsHKxE1O01@hm0AWp.example.net:6379/0" tag=SYNTHETIC_TEST_ONLY
2026-05-26 16:55:30 INFO component=secrets_loader secret_type=TYPE2030_JWT value="eyJhbGciOiJIUzI1NiIsInR5cCI6IkpXVCJ9.eyJzdWIiOiI1NHlsYU90RkRSIiwiaWF0IjoxNzc5Nzk1OTI2LCJhdWQiOiJleGFtcGxlIn0.cbcqzq97iN0DYKvNuH512rz-A6lQ4-C-yPSfzwFpEQ4" tag=SYNTHETIC_TEST_ONLY
2026-05-26 16:55:31 INFO component=secrets_loader secret_type=TYPE2031_WEBHOOK value="https://hooks.example.com/services/PqZajeK2E/jf3MnaU1L/VsemZEopao8RIOrFmXs1W2yZDnnOFAK" tag=SYNTHETIC_TEST_ONLY
2026-05-26 16:55:32 INFO component=secrets_loader secret_type=TYPE2032_PRIVATE_KEY_B64 value="private_key_b64=uVZ1B7Wj/Knul+eVL2QTtRF10tZTi2Cxm9/lyERem4r/lcycSnmPUMHSVCU8Zb75x5EQjl0YykVK6oFcTX8pXw==" tag=SYNTHETIC_TEST_ONLY
2026-05-26 16:55:33 INFO component=secrets_loader secret_type=TYPE2033_SAS value="sv=2024-11-04&ss=b&srt=sco&sp=rwdlac&se=2030-01-01T00:00:00Z&st=2026-01-01T00:00:00Z&spr=https&sig=bQbDV96QaAWOQLKUompk3PigdI8nLIdPs6L0GTCDqGs" tag=SYNTHETIC_TEST_ONLY
2026-05-26 16:55:34 INFO component=secrets_loader secret_type=TYPE2034_NPM_TOKEN value="//registry.npmjs.org/:_authToken=v3X4fR8uJbfx2UcV55COzxq0WYMh-eg0mDlkIK" tag=SYNTHETIC_TEST_ONLY
2026-05-26 16:55:35 INFO component=secrets_loader secret_type=TYPE2035_GITHUB value="ghp_IBsOjjYi0pCEgzCzLglQxbVPOuBEtaR4N0XJXSR" tag=SYNTHETIC_TEST_ONLY
2026-05-26 16:55:36 INFO component=secrets_loader secret_type=TYPE2036_GITLAB value="glpat-XQfHMez3V0BP3SRKqIRFPBcyWm" tag=SYNTHETIC_TEST_ONLY
2026-05-26 16:55:37 INFO component=secrets_loader secret_type=TYPE2037_SENDGRID value="SG.IW_tGVarya0DMJjwWN5QES.ZFg2szYxbv7tBVlUWzA053RZOBp_9XNiprYHk9CkPAZZMeb" tag=SYNTHETIC_TEST_ONLY
2026-05-26 16:55:38 INFO component=secrets_loader secret_type=TYPE2038_GCP value="AIzaWXf9cccWgN0SPHneQSbAUO4JNIiHXrBsen2" tag=SYNTHETIC_TEST_ONLY
2026-05-26 16:55:39 INFO component=secrets_loader secret_type=TYPE2039_API_KEY value="api_key=ZfjWT9uokxXb0qoGU2Lu7THRnyIwdHkHhUu1NwtB-6uj31b" tag=SYNTHETIC_TEST_ONLY
2026-05-26 16:55:40 INFO component=secrets_loader secret_type=TYPE2040_TOKEN value="token:eRWKxzzaCP7zPFdt0upFp9OqakTudZEtEGqSNByenAhbI" tag=SYNTHETIC_TEST_ONLY
2026-05-26 16:55:41 INFO component=secrets_loader secret_type=TYPE2041_PASSWORD value="password=5RQM5WCWZp_FHoMkp09Hy6xBtszS7LcoA56XzRIcUNx8FAlmA" tag=SYNTHETIC_TEST_ONLY
2026-05-26 16:55:42 INFO component=secrets_loader secret_type=TYPE2042_CLIENT_SECRET value="client_secret=i91-MMB3JO0BCd-STZliQHzkUJscH9bXme3B1" tag=SYNTHETIC_TEST_ONLY
2026-05-26 16:55:43 INFO component=secrets_loader secret_type=TYPE2043_BEARER value="Authorization: Bearer J1utHbd9pCyncgxEO7LdXnkNzmHEPTw8ZJ9RGAuNWLC6j2Esxo0ylA4GCT5" tag=SYNTHETIC_TEST_ONLY
2026-05-26 16:55:44 INFO component=secrets_loader secret_type=TYPE2044_BASIC value="Authorization: Basic TG8xcVRyc0M6TGN6cVBQclNMa3lH" tag=SYNTHETIC_TEST_ONLY
2026-05-26 16:55:45 INFO component=secrets_loader secret_type=TYPE2045_CONNSTR value="Server=tcp:1KsG9k.database.windows.net,1433;Database=9PvRSZlQ;User ID=2Nu1SP;Password=i2hxhLARA9SbmdWqP6tO1es9ZDNNm2JY1gJZI339PFg;Encrypt=True;" tag=SYNTHETIC_TEST_ONLY
2026-05-26 16:55:46 INFO component=secrets_loader secret_type=TYPE2046_MONGO_URI value="mongodb+srv://BDb1Le:HL9vdNODHTgnqhEl--Xwa5fFkiqenXLRtTLrhxAbIQSnLA@BeNqU8.example.net/J1HnS1?retryWrites=true&w=majority" tag=SYNTHETIC_TEST_ONLY
2026-05-26 16:55:47 INFO component=secrets_loader secret_type=TYPE2047_PG_URI value="postgresql://Jd4g2s:1FhsBvfjGtz1mGNRh0_rP-kF0kmS7EXdJwokqSAd5wCZdOOCi0M@kdSYza.example.net:5432/xl4p75LA" tag=SYNTHETIC_TEST_ONLY
2026-05-26 16:55:48 INFO component=secrets_loader secret_type=TYPE2048_REDIS_URI value="redis://:uGedwvMa_JnZ6VyAIbnclEAtjj-oUfdGaS@z9WX4i.example.net:6379/0" tag=SYNTHETIC_TEST_ONLY
2026-05-26 16:55:49 INFO component=secrets_loader secret_type=TYPE2049_JWT value="eyJhbGciOiJIUzI1NiIsInR5cCI6IkpXVCJ9.eyJzdWIiOiJpUjVsS2sxNDZmIiwiaWF0IjoxNzc5Nzk1OTI2LCJhdWQiOiJleGFtcGxlIn0.8r8AzboTVuUHuga3t2xVnYJKiQh2qldtFrb_2CI17Hc" tag=SYNTHETIC_TEST_ONLY
2026-05-26 16:55:50 INFO component=secrets_loader secret_type=TYPE2050_WEBHOOK value="https://hooks.example.com/services/Oi5kb5321/kVpKa23Np/2gMA_-Lj7FFdBj9MbNPwLpl-KsMUD9YtTKr" tag=SYNTHETIC_TEST_ONLY
2026-05-26 16:55:51 INFO component=secrets_loader secret_type=TYPE2051_PRIVATE_KEY_B64 value="private_key_b64=3mE1M+PxaH8+WOsyMoTm7wVt0ZLU34fMUd93eBuBo+7ldYMlXNuvc3Ixqifp2VlW912lr5w+MKTFLTE/mnUXTA==" tag=SYNTHETIC_TEST_ONLY
2026-05-26 16:55:52 INFO component=secrets_loader secret_type=TYPE2052_SAS value="sv=2024-11-04&ss=b&srt=sco&sp=rwdlac&se=2030-01-01T00:00:00Z&st=2026-01-01T00:00:00Z&spr=https&sig=BbS4UL0E1sZh_gys4YFK7ZJ1OVGwARDFN9pBx3mpZ5c" tag=SYNTHETIC_TEST_ONLY
2026-05-26 16:55:53 INFO component=secrets_loader secret_type=TYPE2053_NPM_TOKEN value="//registry.npmjs.org/:_authToken=mKPBvWhrRy45tUcIjhMmKT6zxYKDftFARbPaFHcgfEKti4HE_I2QRq" tag=SYNTHETIC_TEST_ONLY
2026-05-26 16:55:54 INFO component=secrets_loader secret_type=TYPE2054_GITHUB value="ghp_DMyMD5Z36B19oaQjGXiowRh7xvTxvD3xepvqW25TG" tag=SYNTHETIC_TEST_ONLY
2026-05-26 16:55:55 INFO component=secrets_loader secret_type=TYPE2055_GITLAB value="glpat-wB1RG0zOa_tMo-RCm-YNU5" tag=SYNTHETIC_TEST_ONLY
2026-05-26 16:55:56 INFO component=secrets_loader secret_type=TYPE2056_SENDGRID value="SG.MD4gSCZzBjki1FFQhTbWGj.YJaI_QdKfZnoIGKpIztpumypDwKM-IV10cE" tag=SYNTHETIC_TEST_ONLY
2026-05-26 16:55:57 INFO component=secrets_loader secret_type=TYPE2057_GCP value="AIzaiL118KKXhMPZwaaRf3kjsHonTuS-Mw4arnq" tag=SYNTHETIC_TEST_ONLY
2026-05-26 16:55:58 INFO component=secrets_loader secret_type=TYPE2058_API_KEY value="api_key=jAW1uug_oDNeClUfDoZHGlgrblOP_" tag=SYNTHETIC_TEST_ONLY
2026-05-26 16:55:59 INFO component=secrets_loader secret_type=TYPE2059_TOKEN value="token:v-nXobpWihxt5bQH9gbKF5XEwogO8rzccU26-lkyEBWw1P" tag=SYNTHETIC_TEST_ONLY
2026-05-26 16:56:00 INFO component=secrets_loader secret_type=TYPE2060_PASSWORD value="password=yacGF7OgroVg7eH_AXgmmyLOT-KrSlnfybjA3HmOaNoucwcRI" tag=SYNTHETIC_TEST_ONLY
2026-05-26 16:56:01 INFO component=secrets_loader secret_type=TYPE2061_CLIENT_SECRET value="client_secret=IS3tY5Sx668XjOWDyrdqXKVmxWLN" tag=SYNTHETIC_TEST_ONLY
2026-05-26 16:56:02 INFO component=secrets_loader secret_type=TYPE2062_BEARER value="Authorization: Bearer th_hwBOV6t6QcFKyU7Qck2ZTTCWSr" tag=SYNTHETIC_TEST_ONLY
2026-05-26 16:56:03 INFO component=secrets_loader secret_type=TYPE2063_BASIC value="Authorization: Basic WlNTUWVDd0M6dnFxOWFrUWV4bzFk" tag=SYNTHETIC_TEST_ONLY
2026-05-26 16:56:04 INFO component=secrets_loader secret_type=TYPE2064_CONNSTR value="Server=tcp:MeD60q.database.windows.net,1433;Database=Jql1GN6y;User ID=B9pHeY;Password=gVAdKrit47PN7p6yrsY2aRkvuQCYsw_vv42X5ieoWy7Z5W_X6Y-NkU7imcD;Encrypt=True;" tag=SYNTHETIC_TEST_ONLY
2026-05-26 16:56:05 INFO component=secrets_loader secret_type=TYPE2065_MONGO_URI value="mongodb+srv://jgu7nt:UByenTcO2pHf30l0h8qpxb0tM3ymHyFLgMaelF8dLSJKB7@LFsY5G.example.net/3LtXN9?retryWrites=true&w=majority" tag=SYNTHETIC_TEST_ONLY
2026-05-26 16:56:06 INFO component=secrets_loader secret_type=TYPE2066_PG_URI value="postgresql://SqpoqJ:4r8ZHUtw-7fv8bbiHrQNr3Bu18E1Kg-YaeQrULipBj4dKBKcojizQ3@M3Xr6i.example.net:5432/wQF27HgL" tag=SYNTHETIC_TEST_ONLY
2026-05-26 16:56:07 INFO component=secrets_loader secret_type=TYPE2067_REDIS_URI value="redis://:oVTYcvSmQ9O1DxAMteWcMLZoz-mPR@FZR4ey.example.net:6379/0" tag=SYNTHETIC_TEST_ONLY
2026-05-26 16:56:08 INFO component=secrets_loader secret_type=TYPE2068_JWT value="eyJhbGciOiJIUzI1NiIsInR5cCI6IkpXVCJ9.eyJzdWIiOiJwaDVIbDJ1OGVoIiwiaWF0IjoxNzc5Nzk1OTI2LCJhdWQiOiJleGFtcGxlIn0._5xGhH5ft6mn-IangEtjwjmUM7hFFATsW5qAwTsqTIU" tag=SYNTHETIC_TEST_ONLY
2026-05-26 16:56:09 INFO component=secrets_loader secret_type=TYPE2069_WEBHOOK value="https://hooks.example.com/services/aHe4ePiCt/bjiNSEgJF/4vSXHjUHS5ux2LJhFxTkzC7hUE-g" tag=SYNTHETIC_TEST_ONLY
2026-05-26 16:56:10 INFO component=secrets_loader secret_type=TYPE2070_PRIVATE_KEY_B64 value="private_key_b64=LnU5W2/5i0jaUapa1JD4Nx0J7/QJNvNR9VjEtNDDhb0runVfHLDjjOPSVnWZqQnzbf0IG2XeK755crE6nCeR9Q==" tag=SYNTHETIC_TEST_ONLY
2026-05-26 16:56:11 INFO component=secrets_loader secret_type=TYPE2071_SAS value="sv=2024-11-04&ss=b&srt=sco&sp=rwdlac&se=2030-01-01T00:00:00Z&st=2026-01-01T00:00:00Z&spr=https&sig=vBJh31MUvtH5XGVSI3JG2pnig0fu3BCEMkyVo48g000" tag=SYNTHETIC_TEST_ONLY
2026-05-26 16:56:12 INFO component=secrets_loader secret_type=TYPE2072_NPM_TOKEN value="//registry.npmjs.org/:_authToken=y4fOkwcuLr8dkyboOoLHUMAG-c-HZql_tPeiYyoEizSoB-" tag=SYNTHETIC_TEST_ONLY
2026-05-26 16:56:13 INFO component=secrets_loader secret_type=TYPE2073_GITHUB value="ghp_gadWTJmsiddOS7KYhqaePLxj6cTsHnMDAqjuFqWuUJCy0UB-Edn0qtf5d" tag=SYNTHETIC_TEST_ONLY
2026-05-26 16:56:14 INFO component=secrets_loader secret_type=TYPE2074_GITLAB value="glpat--8yhWGpPxgL-crAkM28Dk4" tag=SYNTHETIC_TEST_ONLY
2026-05-26 16:56:15 INFO component=secrets_loader secret_type=TYPE2075_SENDGRID value="SG.-vGxcDAT3C6wfgRanW1Hed.4PqRRrojQTP3PC1RKub3T5l7mNumaVCuatzxCLiXgVt44R" tag=SYNTHETIC_TEST_ONLY
2026-05-26 16:56:16 INFO component=secrets_loader secret_type=TYPE2076_GCP value="AIzaRvgVLy9B34c4R_vEHrwXZvx0n3T_qYeuZVz" tag=SYNTHETIC_TEST_ONLY
2026-05-26 16:56:17 INFO component=secrets_loader secret_type=TYPE2077_API_KEY value="api_key=PtH6OpGH4V_1lXxD2QAbzoDHDvwohAEN_Hvnylc7sRfCzqXWdu9D9AMELiOl" tag=SYNTHETIC_TEST_ONLY
2026-05-26 16:56:18 INFO component=secrets_loader secret_type=TYPE2078_TOKEN value="token:r5OFSms2AEO1sXXkzjaNjvCQh0ArIt0P" tag=SYNTHETIC_TEST_ONLY
2026-05-26 16:56:19 INFO component=secrets_loader secret_type=TYPE2079_PASSWORD value="password=sCWe1x-L4uRMYxA7ayPcDjxubrBnJ0Yu" tag=SYNTHETIC_TEST_ONLY
2026-05-26 16:56:20 INFO component=secrets_loader secret_type=TYPE2080_CLIENT_SECRET value="client_secret=F2rA-ALRJDXPztdHPTQtyk5XUaesV_6W" tag=SYNTHETIC_TEST_ONLY
2026-05-26 16:56:21 INFO component=secrets_loader secret_type=TYPE2081_BEARER value="Authorization: Bearer v6thV_afT7xsA_OetoG_ELvp8mxVkvhGq77qYNaFjuNqrX" tag=SYNTHETIC_TEST_ONLY
2026-05-26 16:56:22 INFO component=secrets_loader secret_type=TYPE2082_BASIC value="Authorization: Basic ZmNhRm5jUk06MzFOMTBNN1JxWmVh" tag=SYNTHETIC_TEST_ONLY
2026-05-26 16:56:23 INFO component=secrets_loader secret_type=TYPE2083_CONNSTR value="Server=tcp:fCKLQj.database.windows.net,1433;Database=FuHi1Mbs;User ID=90YYuZ;Password=g8OMXapnwCB4jMzHcKe3dkiS-n9IgDwFbm4VHQTRafOg3;Encrypt=True;" tag=SYNTHETIC_TEST_ONLY
2026-05-26 16:56:24 INFO component=secrets_loader secret_type=TYPE2084_MONGO_URI value="mongodb+srv://NaNRjY:ZBMUQj_3oMSuNWrupPCZBmqBGg-WtSGX8cebff6X2SgFmhb@sUExsT.example.net/Hpz7wo?retryWrites=true&w=majority" tag=SYNTHETIC_TEST_ONLY
2026-05-26 16:56:25 INFO component=secrets_loader secret_type=TYPE2085_PG_URI value="postgresql://VuZTgK:qwTmI7Y_KrKKkQQeZJkvG2vPA1mJq7wCvGWky@svKXxP.example.net:5432/ckteqsUh" tag=SYNTHETIC_TEST_ONLY
2026-05-26 16:56:26 INFO component=secrets_loader secret_type=TYPE2086_REDIS_URI value="redis://:zT11sMV7JKvihjBslHh8ZkvhRrea8mhOnkUI3fHZWxi2-qmJFmrkHFarlxh@m2mY0p.example.net:6379/0" tag=SYNTHETIC_TEST_ONLY
2026-05-26 16:56:27 INFO component=secrets_loader secret_type=TYPE2087_JWT value="eyJhbGciOiJIUzI1NiIsInR5cCI6IkpXVCJ9.eyJzdWIiOiJxWUxUcXlleXFCIiwiaWF0IjoxNzc5Nzk1OTI2LCJhdWQiOiJleGFtcGxlIn0.YKVeP2JplEfA6-l2xphSD9bLTNTugqHyc83UCuf57Ck" tag=SYNTHETIC_TEST_ONLY
2026-05-26 16:56:28 INFO component=secrets_loader secret_type=TYPE2088_WEBHOOK value="https://hooks.example.com/services/4SZ9N8bOT/da6ekISSI/TUkKPi1RHx4pO7oa8kgVk0ax83sPaRyW5eT24amliwMzL610Ya1T11t" tag=SYNTHETIC_TEST_ONLY
2026-05-26 16:56:29 INFO component=secrets_loader secret_type=TYPE2089_PRIVATE_KEY_B64 value="private_key_b64=nrO/iDk5wL1HV2IZsEHiX4qv/Ec4/1tH40yvAKrrUmGgrF8GrNg8IJUOQWX2DNfO9JJNeKv6pNz2+nwEqhE52A==" tag=SYNTHETIC_TEST_ONLY
2026-05-26 16:56:30 INFO component=secrets_loader secret_type=TYPE2090_SAS value="sv=2024-11-04&ss=b&srt=sco&sp=rwdlac&se=2030-01-01T00:00:00Z&st=2026-01-01T00:00:00Z&spr=https&sig=rHBv_2tMlubklx3gwFSRhX_SSVgdvujPZ6Nmm4mdadg" tag=SYNTHETIC_TEST_ONLY
2026-05-26 16:56:31 INFO component=secrets_loader secret_type=TYPE2091_NPM_TOKEN value="//registry.npmjs.org/:_authToken=aBYMzCGQnQ5e7FR8I8lBrkzSryAJp4dfxabSs1Jb-kqJiK8E6icQUBgzufiP" tag=SYNTHETIC_TEST_ONLY
2026-05-26 16:56:32 INFO component=secrets_loader secret_type=TYPE2092_GITHUB value="ghp_iBjOkBzZxWP4KWieXO8L7IL_JjnYH-6vTvr7HqjBUn-NaR" tag=SYNTHETIC_TEST_ONLY
2026-05-26 16:56:33 INFO component=secrets_loader secret_type=TYPE2093_GITLAB value="glpat-9a9zV938FC0PaCJe01uPm99nDkKzv" tag=SYNTHETIC_TEST_ONLY
2026-05-26 16:56:34 INFO component=secrets_loader secret_type=TYPE2094_SENDGRID value="SG.06UQlii4bVbjlQOqykJKht.kwmidbz_Q2ka-OmmizWh_ku_vSHeeycNCcg9tGDFnFmMzV" tag=SYNTHETIC_TEST_ONLY
2026-05-26 16:56:35 INFO component=secrets_loader secret_type=TYPE2095_GCP value="AIzaR8HU-jZlIEV0Uvu7VCr1s3Rz-9C-LHH6f95" tag=SYNTHETIC_TEST_ONLY
2026-05-26 16:56:36 INFO component=secrets_loader secret_type=TYPE2096_API_KEY value="api_key=0FOaQMu3wZyfau5ekK8Qf5G8i-AoANf" tag=SYNTHETIC_TEST_ONLY
2026-05-26 16:56:37 INFO component=secrets_loader secret_type=TYPE2097_TOKEN value="token:xR4QBsymmhb6pJ-YJ3b4zXRFJKQ5iXmfHzYr2" tag=SYNTHETIC_TEST_ONLY
2026-05-26 16:56:38 INFO component=secrets_loader secret_type=TYPE2098_PASSWORD value="password=n9uksIBkwMJW5K6km2dCcWN3mW4IyjzkGuB_Xbb" tag=SYNTHETIC_TEST_ONLY
2026-05-26 16:56:39 INFO component=secrets_loader secret_type=TYPE2099_CLIENT_SECRET value="client_secret=YO6QfjEzxMzzK5yz-MmJ1eOOxrMUfDais-K4_hkdm0yhOBaI1wFKARsK_" tag=SYNTHETIC_TEST_ONLY
2026-05-26 16:56:40 INFO component=secrets_loader secret_type=TYPE2100_BEARER value="Authorization: Bearer WhtdWE_wBSSCY5WuhQa2ODDBwdjpZVRS" tag=SYNTHETIC_TEST_ONLY
2026-05-26 16:56:41 INFO component=secrets_loader secret_type=TYPE2101_BASIC value="Authorization: Basic cGZMYk5DaGo6Vng2WjVkZGY5SHJv" tag=SYNTHETIC_TEST_ONLY
2026-05-26 16:56:42 INFO component=secrets_loader secret_type=TYPE2102_CONNSTR value="Server=tcp:azHJ2E.database.windows.net,1433;Database=qEuu70yr;User ID=W86wTJ;Password=W8gxIAOJB-bYjjgbV5BgiU0wkI2rnNn6-Cf-WoeVNLvh5_7WSen-Ytf;Encrypt=True;" tag=SYNTHETIC_TEST_ONLY
2026-05-26 16:56:43 INFO component=secrets_loader secret_type=TYPE2103_MONGO_URI value="mongodb+srv://a1Z3tJ:DCoqC757xaA4off1SLbQYgvyi5jCb8odtaPDa76tD23C71fjJEOWPmXf@flXsgw.example.net/ZQAKQh?retryWrites=true&w=majority" tag=SYNTHETIC_TEST_ONLY
2026-05-26 16:56:44 INFO component=secrets_loader secret_type=TYPE2104_PG_URI value="postgresql://sS5l8z:A50XZwquQyLgNRmvideyjE-6y4N1Dt6gk4iS3jGPsz01XBzLJIaVhvfb@OKZWAe.example.net:5432/S4YtiFXM" tag=SYNTHETIC_TEST_ONLY
2026-05-26 16:56:45 INFO component=secrets_loader secret_type=TYPE2105_REDIS_URI value="redis://:-4sszD2G4g8sE24lBDSYezrUehXC7OanfXHzGyWfq-8PTyA8zo@sPDOGe.example.net:6379/0" tag=SYNTHETIC_TEST_ONLY
2026-05-26 16:56:46 INFO component=secrets_loader secret_type=TYPE2106_JWT value="eyJhbGciOiJIUzI1NiIsInR5cCI6IkpXVCJ9.eyJzdWIiOiJxb1pTUFEyWkN5IiwiaWF0IjoxNzc5Nzk1OTI2LCJhdWQiOiJleGFtcGxlIn0.rbhZLcWR49kkQ5DR53okIqmVTfEy_nME15o0ObArAJ8" tag=SYNTHETIC_TEST_ONLY
2026-05-26 16:56:47 INFO component=secrets_loader secret_type=TYPE2107_WEBHOOK value="https://hooks.example.com/services/U2XuEZnIt/TBmSqjAKs/C9Fz8kVbk7vi1Mdn4OpMa-l3l9HGdyTdb1ITG8M0JtcvnxbRksyN8L" tag=SYNTHETIC_TEST_ONLY
2026-05-26 16:56:48 INFO component=secrets_loader secret_type=TYPE2108_PRIVATE_KEY_B64 value="private_key_b64=hUYuQQEtybbFTkXvhJUmAhR0tBmECgdoo0RLzpSjJ+CEnpcPp/QCG52hHVDykHOpV195GkX7Xdo58XqMxh2Dbg==" tag=SYNTHETIC_TEST_ONLY
2026-05-26 16:56:49 INFO component=secrets_loader secret_type=TYPE2109_SAS value="sv=2024-11-04&ss=b&srt=sco&sp=rwdlac&se=2030-01-01T00:00:00Z&st=2026-01-01T00:00:00Z&spr=https&sig=Cjq6hXs-vqIbwv0GpkFRob_sISdSOGZVfWbwzfH1SbQ" tag=SYNTHETIC_TEST_ONLY
2026-05-26 16:56:50 INFO component=secrets_loader secret_type=TYPE2110_NPM_TOKEN value="//registry.npmjs.org/:_authToken=tmTkC0WOkjBjyAGIXZ_mp6XuX9qhC39oA" tag=SYNTHETIC_TEST_ONLY
2026-05-26 16:56:51 INFO component=secrets_loader secret_type=TYPE2111_GITHUB value="ghp_u3-PEXgzTGSYLUBzoexCmS7ABpq6mVRw-i4jDlnczebq9a6e_0mbyFND7_" tag=SYNTHETIC_TEST_ONLY
2026-05-26 16:56:52 INFO component=secrets_loader secret_type=TYPE2112_GITLAB value="glpat-Sq9SFIOZIPhp135vC7al" tag=SYNTHETIC_TEST_ONLY
2026-05-26 16:56:53 INFO component=secrets_loader secret_type=TYPE2113_SENDGRID value="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" tag=SYNTHETIC_TEST_ONLY
2026-05-26 16:56:54 INFO component=secrets_loader secret_type=TYPE2114_GCP value="AIza2BcRAPQeBl8iJXbpDnzP60yu822RFCh-Lui" tag=SYNTHETIC_TEST_ONLY
2026-05-26 16:56:55 INFO component=secrets_loader secret_type=TYPE2115_API_KEY value="api_key=SFk9_VfyqmkkUjk3UxfuEadY6gKd" tag=SYNTHETIC_TEST_ONLY
2026-05-26 16:56:56 INFO component=secrets_loader secret_type=TYPE2116_TOKEN value="token:iTUnxtUbIP2gxc0uIVp7MrRU1Y_JhfLKEbReG8IQrGOhcIpqzX5B0qu47y2o" tag=SYNTHETIC_TEST_ONLY
2026-05-26 16:56:57 INFO component=secrets_loader secret_type=TYPE2117_PASSWORD value="password=Rh-F6K5KCS_jRhIfP4stri0RRzTsd8JQPcB1c1L65DRh1" tag=SYNTHETIC_TEST_ONLY
2026-05-26 16:56:58 INFO component=secrets_loader secret_type=TYPE2118_CLIENT_SECRET value="client_secret=Qxnki6Q5rGOm6QEHlhzzRbdYMOLNSNzdBn-1P2rRblcJyZmiDFkembsjhI" tag=SYNTHETIC_TEST_ONLY
2026-05-26 16:56:59 INFO component=secrets_loader secret_type=TYPE2119_BEARER value="Authorization: Bearer GIuD5jweh1s0s-UQQiVaiU9pJ6tyZ9MTNQMF8v-vdncHdpQiO6" tag=SYNTHETIC_TEST_ONLY
2026-05-26 16:57:00 INFO component=secrets_loader secret_type=TYPE2120_BASIC value="Authorization: Basic ZElod2lHeTc6S09ZVlozYk9sdnR2" tag=SYNTHETIC_TEST_ONLY
2026-05-26 16:57:01 INFO component=secrets_loader secret_type=TYPE2121_CONNSTR value="Server=tcp:jYrsI5.database.windows.net,1433;Database=oPspip6D;User ID=1zcrUR;Password=FGodyNS8DzTb_u7lOpwYy-W9dXWk4mBlN1-eHvDA9auLytmr9Qz4P5;Encrypt=True;" tag=SYNTHETIC_TEST_ONLY
2026-05-26 16:57:02 INFO component=secrets_loader secret_type=TYPE2122_MONGO_URI value="mongodb+srv://dMNJ1H:XhKZIFzdP-1UWjESRlSKjpAiBV8-fyrAP0uVhrcbnbc3V3xh@ZFlDLd.example.net/7twZyZ?retryWrites=true&w=majority" tag=SYNTHETIC_TEST_ONLY
2026-05-26 16:57:03 INFO component=secrets_loader secret_type=TYPE2123_PG_URI value="postgresql://UDNX5g:aiWJO_QYjwERDV6HYPnjFtAkMH-ok@k4ouBl.example.net:5432/x77yn57q" tag=SYNTHETIC_TEST_ONLY
2026-05-26 16:57:04 INFO component=secrets_loader secret_type=TYPE2124_REDIS_URI value="redis://:sTMllHhddiSjQB7Wut61xUM6tI98ixxOUY9V9YIDP7nN7DhLL14kmQ3r@e1Am1I.example.net:6379/0" tag=SYNTHETIC_TEST_ONLY
2026-05-26 16:57:05 INFO component=secrets_loader secret_type=TYPE2125_JWT value="eyJhbGciOiJIUzI1NiIsInR5cCI6IkpXVCJ9.eyJzdWIiOiJUNnBBc041dkZ3IiwiaWF0IjoxNzc5Nzk1OTI2LCJhdWQiOiJleGFtcGxlIn0.-uVuYs1_AlllP5zhLPpz-9E3fABEKAksO98mq2mYKvI" tag=SYNTHETIC_TEST_ONLY
2026-05-26 16:57:06 INFO component=secrets_loader secret_type=TYPE2126_WEBHOOK value="https://hooks.example.com/services/SN0wIpjCU/WDuHzRNmF/pLfgxYVb7dO2z3uYGjeUY0VV4nD4tvW1hag9v4qS1HD" tag=SYNTHETIC_TEST_ONLY
2026-05-26 16:57:07 INFO component=secrets_loader secret_type=TYPE2127_PRIVATE_KEY_B64 value="private_key_b64=g3FgZmpw/ISirQYU7Dyiu+n2+SP7kB+pLqBcw/rLmYxSxYr3f9yR724+ge5sx5L4R9Ui9biWyzpAmrBm6jI1Iw==" tag=SYNTHETIC_TEST_ONLY
2026-05-26 16:57:08 INFO component=secrets_loader secret_type=TYPE2128_SAS value="sv=2024-11-04&ss=b&srt=sco&sp=rwdlac&se=2030-01-01T00:00:00Z&st=2026-01-01T00:00:00Z&spr=https&sig=pqMI8Y7mzPdebOt6VLMbXpZ_xDZOlgOhhlg2jzcpPco" tag=SYNTHETIC_TEST_ONLY
2026-05-26 16:57:09 INFO component=secrets_loader secret_type=TYPE2129_NPM_TOKEN value="//registry.npmjs.org/:_authToken=R0GQa3d0y_EF4zp67k-d9YhSbHtDupHk7C-ZkC" tag=SYNTHETIC_TEST_ONLY
2026-05-26 16:57:10 INFO component=secrets_loader secret_type=TYPE2130_GITHUB value="ghp_DvVPqukJXF-9px2JHl_0kueD-VJ53vBi3r6eGiCXZom-LwO7mQ-nH" tag=SYNTHETIC_TEST_ONLY
2026-05-26 16:57:11 INFO component=secrets_loader secret_type=TYPE2131_GITLAB value="glpat-XMY3Z2m-18iwnAaI8SyKI2HvFi" tag=SYNTHETIC_TEST_ONLY
2026-05-26 16:57:12 INFO component=secrets_loader secret_type=TYPE2132_SENDGRID value="SG.S16arel_X5vGmUGuAHBbBf.mCSR9QRC1uQGLBviIm6KjkgLkwnMLl3l5cHy" tag=SYNTHETIC_TEST_ONLY
2026-05-26 16:57:13 INFO component=secrets_loader secret_type=TYPE2133_GCP value="AIzaTMIydQ4cOQX95PpBEw7zTQCYoY7Jvs4lmXY" tag=SYNTHETIC_TEST_ONLY
2026-05-26 16:57:14 INFO component=secrets_loader secret_type=TYPE2134_API_KEY value="api_key=_NbkgEYNy7U6-M8ez3UsarlGipde" tag=SYNTHETIC_TEST_ONLY
2026-05-26 16:57:15 INFO component=secrets_loader secret_type=TYPE2135_TOKEN value="token:McMRC4O-Vemf_ZIa6HR0OE9sa3qiUtoOlQ1ecUxYSjW4nGp" tag=SYNTHETIC_TEST_ONLY
2026-05-26 16:57:16 INFO component=secrets_loader secret_type=TYPE2136_PASSWORD value="password=iSw-v3I17LJ2YzFzlnDFUYjUNEscGF" tag=SYNTHETIC_TEST_ONLY
2026-05-26 16:57:17 INFO component=secrets_loader secret_type=TYPE2137_CLIENT_SECRET value="client_secret=iiSJ0vMYBu-psEmV9XDV5UwYz-yvNaZv5" tag=SYNTHETIC_TEST_ONLY
2026-05-26 16:57:18 INFO component=secrets_loader secret_type=TYPE2138_BEARER value="Authorization: Bearer IDbJZZd776cugia0A9YOcKmuorJ_FaMsx77hxtTCePbcp_ocNggFuJX" tag=SYNTHETIC_TEST_ONLY
2026-05-26 16:57:19 INFO component=secrets_loader secret_type=TYPE2139_BASIC value="Authorization: Basic YWZ5RHJ6QUc6NHVJaUI3cVBUaWJT" tag=SYNTHETIC_TEST_ONLY
2026-05-26 16:57:20 INFO component=secrets_loader secret_type=TYPE2140_CONNSTR value="Server=tcp:F3QPcm.database.windows.net,1433;Database=JTmuGNmU;User ID=YMkybW;Password=4mldEGmBKSSYv5RWQg2N89R-ZpzHHG626V96BRvnDn9G0-6PNSZL7;Encrypt=True;" tag=SYNTHETIC_TEST_ONLY
2026-05-26 16:57:21 INFO component=secrets_loader secret_type=TYPE2141_MONGO_URI value="mongodb+srv://ws1fDM:OjD7oC0QJtId8bZbjRBgrZD6lPkamh_0FNrx305nE@zu6AMj.example.net/Otzm3J?retryWrites=true&w=majority" tag=SYNTHETIC_TEST_ONLY
2026-05-26 16:57:22 INFO component=secrets_loader secret_type=TYPE2142_PG_URI value="postgresql://w3NLCW:rsXdnwBq4zNaiIuucglhcFTo3PLf6vAyZFim3Ay@ea8wRx.example.net:5432/XHQemBXL" tag=SYNTHETIC_TEST_ONLY
2026-05-26 16:57:23 INFO component=secrets_loader secret_type=TYPE2143_REDIS_URI value="redis://:ZMoLGBj-Of-J9W89m2YHITfCCJ8xBmLl-eV8Lt0I4fUjmYl@0T3bg2.example.net:6379/0" tag=SYNTHETIC_TEST_ONLY
2026-05-26 16:57:24 INFO component=secrets_loader secret_type=TYPE2144_JWT value="eyJhbGciOiJIUzI1NiIsInR5cCI6IkpXVCJ9.eyJzdWIiOiI3SEx2WEh1TllQIiwiaWF0IjoxNzc5Nzk1OTI2LCJhdWQiOiJleGFtcGxlIn0.mXqgBO3423MaS1FwRFHPOzFFrUCeBhk5rMbxFyhhLFQ" tag=SYNTHETIC_TEST_ONLY
2026-05-26 16:57:25 INFO component=secrets_loader secret_type=TYPE2145_WEBHOOK value="https://hooks.example.com/services/HywDc6SHR/tka5VWKHx/iOiI9HRMgTObFykk4vauLXp3cUpsS-kU1a5dvd7" tag=SYNTHETIC_TEST_ONLY
2026-05-26 16:57:26 INFO component=secrets_loader secret_type=TYPE2146_PRIVATE_KEY_B64 value="private_key_b64=BAG8YScHPFU2ucZcCv27jX7Nx2RLdea1XLZNLlcME2s6ttMXLKWBCXCcjLst4+qZN3EFm1I93tO3uegWnZghEA==" tag=SYNTHETIC_TEST_ONLY
2026-05-26 16:57:27 INFO component=secrets_loader secret_type=TYPE2147_SAS value="sv=2024-11-04&ss=b&srt=sco&sp=rwdlac&se=2030-01-01T00:00:00Z&st=2026-01-01T00:00:00Z&spr=https&sig=kscYXeyF6o6c5qippnTutajc5ptpH99vXZLTKitcDGM" tag=SYNTHETIC_TEST_ONLY
2026-05-26 16:57:28 INFO component=secrets_loader secret_type=TYPE2148_NPM_TOKEN value="//registry.npmjs.org/:_authToken=MBGQJSb2lD7f5L2srE-GjPdmEHfZi-NQ47TLy19OOtQJ25wTJoKdbv6n1dK" tag=SYNTHETIC_TEST_ONLY
2026-05-26 16:57:29 INFO component=secrets_loader secret_type=TYPE2149_GITHUB value="ghp_aD1WIqylzwB7u_j1FZgT1miG7jJ5F9ReVmdZF4HRJ3Ks" tag=SYNTHETIC_TEST_ONLY
2026-05-26 16:57:30 INFO component=secrets_loader secret_type=TYPE2150_GITLAB value="glpat-bUXd47-pAI5hxGrYq3LY" tag=SYNTHETIC_TEST_ONLY
2026-05-26 16:57:31 INFO component=secrets_loader secret_type=TYPE2151_SENDGRID value="SG.BEOTYRRp2vUkS1Peu2ylmw.kot77Ym85QuIIMair3b-pVI7ZI5YbFMVpU8bQXfbb" tag=SYNTHETIC_TEST_ONLY
2026-05-26 16:57:32 INFO component=secrets_loader secret_type=TYPE2152_GCP value="AIzacPDm1kQcSPC6-ke1LQDBOU-ZVzPQJl_029p" tag=SYNTHETIC_TEST_ONLY
2026-05-26 16:57:33 INFO component=secrets_loader secret_type=TYPE2153_API_KEY value="api_key=bQKLs9TMwwGmhsq8nQSe-Gv15TYbJojO1msyjesoHrfbSc3ey1gD8Xelx" tag=SYNTHETIC_TEST_ONLY
2026-05-26 16:57:34 INFO component=secrets_loader secret_type=TYPE2154_TOKEN value="token:e1ohoL6iOOHR8kVW__YJ7JeL2k0kL5vblHky7-DJZ2oHK66s4n3" tag=SYNTHETIC_TEST_ONLY
2026-05-26 16:57:35 INFO component=secrets_loader secret_type=TYPE2155_PASSWORD value="password=AmKncLXeH7H-8QxF9BupG9i2-4-anGOflyMzLgx32t0Hk-ulzuprnM9x" tag=SYNTHETIC_TEST_ONLY
2026-05-26 16:57:36 INFO component=secrets_loader secret_type=TYPE2156_CLIENT_SECRET value="client_secret=roex7YY5d55AH-UnqgFr6nGfV8Ss5HdtCLj9Ky7" tag=SYNTHETIC_TEST_ONLY
2026-05-26 16:57:37 INFO component=secrets_loader secret_type=TYPE2157_BEARER value="Authorization: Bearer crGPCF4kJDZ1I7aKVyB6HOJK6EiCj6rPc-FMeP0bBdvGhArMW" tag=SYNTHETIC_TEST_ONLY
2026-05-26 16:57:38 INFO component=secrets_loader secret_type=TYPE2158_BASIC value="Authorization: Basic VHg4NkNVdGw6YUdxQUNrTGcxNkU3" tag=SYNTHETIC_TEST_ONLY
2026-05-26 16:57:39 INFO component=secrets_loader secret_type=TYPE2159_CONNSTR value="Server=tcp:MiJtyX.database.windows.net,1433;Database=GXcacAJG;User ID=7ZKMDm;Password=Rkdb_DF4TQ9SPSmJrxYBjzJBn7wHsNA5Ma_PpJjJ5pdX9B6x6d2F;Encrypt=True;" tag=SYNTHETIC_TEST_ONLY
2026-05-26 16:57:40 INFO component=secrets_loader secret_type=TYPE2160_MONGO_URI value="mongodb+srv://czO6kz:rz84z7UpTRnP2_Ms2x2uviHbp1XjzSS0txUYrVzmbF2U54@V7gJ82.example.net/V2ZjJm?retryWrites=true&w=majority" tag=SYNTHETIC_TEST_ONLY
2026-05-26 16:57:41 INFO component=secrets_loader secret_type=TYPE2161_PG_URI value="postgresql://PM3ypR:aHkKDD8NwhvnLfiIgGTD-94t6x_hCIekrcUopKKVpRpjq4tZf@Magr9S.example.net:5432/xXo74l20" tag=SYNTHETIC_TEST_ONLY
2026-05-26 16:57:42 INFO component=secrets_loader secret_type=TYPE2162_REDIS_URI value="redis://:3bJIcnjD83m7-25iM00r0o5T_opb8NaLi0qW_Wo@zfEZCw.example.net:6379/0" tag=SYNTHETIC_TEST_ONLY
2026-05-26 16:57:43 INFO component=secrets_loader secret_type=TYPE2163_JWT value="eyJhbGciOiJIUzI1NiIsInR5cCI6IkpXVCJ9.eyJzdWIiOiJmUUJTbkI2WnhlIiwiaWF0IjoxNzc5Nzk1OTI2LCJhdWQiOiJleGFtcGxlIn0.XrvdPTzeBzx3avS-ihTuFqZ_V4JucGKXhkxXnvpmD9g" tag=SYNTHETIC_TEST_ONLY
2026-05-26 16:57:44 INFO component=secrets_loader secret_type=TYPE2164_WEBHOOK value="https://hooks.example.com/services/AYVSGd7cT/Qb6O6g9bc/lMxt-cEesT949QWT0lueSv3feFrKFXh49Ggh6k1-NGqx" tag=SYNTHETIC_TEST_ONLY
2026-05-26 16:57:45 INFO component=secrets_loader secret_type=TYPE2165_PRIVATE_KEY_B64 value="private_key_b64=ZXaQYPTf/x5AMgcPx27O096er9CB2AqVlAXaX8ap/J7fxQ+/7CxhfMJ7/knh1gjhiy/0hG/4jUZbwImeyr5nOg==" tag=SYNTHETIC_TEST_ONLY
2026-05-26 16:57:46 INFO component=secrets_loader secret_type=TYPE2166_SAS value="sv=2024-11-04&ss=b&srt=sco&sp=rwdlac&se=2030-01-01T00:00:00Z&st=2026-01-01T00:00:00Z&spr=https&sig=uezCbbzuayegiYVaKHiyK9oZpLEFQsc4RMlRZ0w1vI0" tag=SYNTHETIC_TEST_ONLY
2026-05-26 16:57:47 INFO component=secrets_loader secret_type=TYPE2167_NPM_TOKEN value="//registry.npmjs.org/:_authToken=kv5zrWCu7lBGofScRXE51YazEn7vtJSv1FzzB8o5G5OpqJ51Z-G8Z" tag=SYNTHETIC_TEST_ONLY
2026-05-26 16:57:48 INFO component=secrets_loader secret_type=TYPE2168_GITHUB value="ghp_Nuw-uo8aUArqvx0oTc2BjimQmjKL6Oe8IfsYwq2aIlDAQYiA2yM4PRbnL" tag=SYNTHETIC_TEST_ONLY
2026-05-26 16:57:49 INFO component=secrets_loader secret_type=TYPE2169_GITLAB value="glpat-4nbNzy_mAF0ESS_X-r8nnfcTCsRFy" tag=SYNTHETIC_TEST_ONLY
2026-05-26 16:57:50 INFO component=secrets_loader secret_type=TYPE2170_SENDGRID value="SG.h_WXmVXgndRAjv-ZRG8Rk3._arjEsDfyINxgmsSmvRAJ2mjKteX0eZkpjzRzX" tag=SYNTHETIC_TEST_ONLY
2026-05-26 16:57:51 INFO component=secrets_loader secret_type=TYPE2171_GCP value="AIza2MQU7bKZGvySXEtaWDT1KOf1gjgswEYWR2X" tag=SYNTHETIC_TEST_ONLY
2026-05-26 16:57:52 INFO component=secrets_loader secret_type=TYPE2172_API_KEY value="api_key=_QmsVUOQP6DGZiplxfbj-JhwyCXp0UbkXIQne" tag=SYNTHETIC_TEST_ONLY
2026-05-26 16:57:53 INFO component=secrets_loader secret_type=TYPE2173_TOKEN value="token:NB9xeEw-T0Ml7OMwC3QHcABL7_OfDQCPeeqzZR0VRIttSPLcNeTSsn3QT" tag=SYNTHETIC_TEST_ONLY
2026-05-26 16:57:54 INFO component=secrets_loader secret_type=TYPE2174_PASSWORD value="password=zWAcaKpELmsg0Hon6vAHuLndnJsog_Brl8bg9FGI" tag=SYNTHETIC_TEST_ONLY
2026-05-26 16:57:55 INFO component=secrets_loader secret_type=TYPE2175_CLIENT_SECRET value="client_secret=SME9_50w0hzXXXw_oD4-kZZGMAdc1ye5ctr9Pp5O_bi5HvVfWgSU5nhU8" tag=SYNTHETIC_TEST_ONLY
2026-05-26 16:57:56 INFO component=secrets_loader secret_type=TYPE2176_BEARER value="Authorization: Bearer doSxt8KsB2RumMg_uIgxHC_Zo1C7dCMo68aA1bEszhzo9vmyuJLyL7i-L" tag=SYNTHETIC_TEST_ONLY
2026-05-26 16:57:57 INFO component=secrets_loader secret_type=TYPE2177_BASIC value="Authorization: Basic VHlyM1N2MWU6OTl5MWpOVkJpVzNG" tag=SYNTHETIC_TEST_ONLY
2026-05-26 16:57:58 INFO component=secrets_loader secret_type=TYPE2178_CONNSTR value="Server=tcp:u32e2I.database.windows.net,1433;Database=HrspQL4j;User ID=Lo0ezH;Password=utpiz8md1CqX0Y57oRJa7puC8EnooZcNG;Encrypt=True;" tag=SYNTHETIC_TEST_ONLY
2026-05-26 16:57:59 INFO component=secrets_loader secret_type=TYPE2179_MONGO_URI value="mongodb+srv://9x1lQk:UPdQrC0Xb9Lnh6am03-z1aZ3jxnYfM7eZMh@OMgihJ.example.net/6ZH7Ks?retryWrites=true&w=majority" tag=SYNTHETIC_TEST_ONLY
2026-05-26 16:58:00 INFO component=secrets_loader secret_type=TYPE2180_PG_URI value="postgresql://wes4ZE:SxM2QWZsEVNa1IB6Y1VHULp59GaC63raXopySrHDQmtbdAEO@caDPFT.example.net:5432/gzKmnF8F" tag=SYNTHETIC_TEST_ONLY
2026-05-26 16:58:01 INFO component=secrets_loader secret_type=TYPE2181_REDIS_URI value="redis://:FnmTwIWMmyzRAvTbldwu9lcAopUJsKaZ7@nkLjp1.example.net:6379/0" tag=SYNTHETIC_TEST_ONLY
2026-05-26 16:58:02 INFO component=secrets_loader secret_type=TYPE2182_JWT value="eyJhbGciOiJIUzI1NiIsInR5cCI6IkpXVCJ9.eyJzdWIiOiJxNnVkdHlVU3dYIiwiaWF0IjoxNzc5Nzk1OTI2LCJhdWQiOiJleGFtcGxlIn0.djkuHLVl90sVkAfZkZKHphmq9PqS-RiS6AqJRs2eAro" tag=SYNTHETIC_TEST_ONLY
2026-05-26 16:58:03 INFO component=secrets_loader secret_type=TYPE2183_WEBHOOK value="https://hooks.example.com/services/FZZ3BlCjr/bkpMkD9Tj/lXfDBPMYHyDE1cgFoLeQfDPxbd4pIKKgKR4vk" tag=SYNTHETIC_TEST_ONLY
2026-05-26 16:58:04 INFO component=secrets_loader secret_type=TYPE2184_PRIVATE_KEY_B64 value="private_key_b64=kx6yVuk/GLU6l310TvgE6vcStp4AMZXEQULuNJtsHO/RHOHLIm43yHwynKX5VzyL7H3wAN8eimBXhjARxVKQsw==" tag=SYNTHETIC_TEST_ONLY
2026-05-26 16:58:05 INFO component=secrets_loader secret_type=TYPE2185_SAS value="sv=2024-11-04&ss=b&srt=sco&sp=rwdlac&se=2030-01-01T00:00:00Z&st=2026-01-01T00:00:00Z&spr=https&sig=YvgTrqjMtJPyXwrCOn8BcPV_Go-mcW8XO4qB6NvyMFk" tag=SYNTHETIC_TEST_ONLY
2026-05-26 16:58:06 INFO component=secrets_loader secret_type=TYPE2186_NPM_TOKEN value="//registry.npmjs.org/:_authToken=yyzr9jDQESVEayIIj8sebiqN3MnTO50GSWp" tag=SYNTHETIC_TEST_ONLY
2026-05-26 16:58:07 INFO component=secrets_loader secret_type=TYPE2187_GITHUB value="ghp_PzPyEKnUhwEykQpXd4UP3_6D2FH4S8fkAMXJl31c-in9CbM31YP" tag=SYNTHETIC_TEST_ONLY
2026-05-26 16:58:08 INFO component=secrets_loader secret_type=TYPE2188_GITLAB value="glpat-OvkSpwdWdL9CylM7Z_-PKbA" tag=SYNTHETIC_TEST_ONLY
2026-05-26 16:58:09 INFO component=secrets_loader secret_type=TYPE2189_SENDGRID value="SG.icqnBrKtynz4_qZkIqrgyh._XLyc4YPJDKbn1Thoqq2rad4ZjkI5OS" tag=SYNTHETIC_TEST_ONLY
2026-05-26 16:58:10 INFO component=secrets_loader secret_type=TYPE2190_GCP value="AIza3ADggQOLE8KtIJBm2xNAO_dNVNhLoxrC1YJ" tag=SYNTHETIC_TEST_ONLY
2026-05-26 16:58:11 INFO component=secrets_loader secret_type=TYPE2191_API_KEY value="api_key=7tO91tBmGh33IPviVRSNeU7AjVOglfADouE2g2f" tag=SYNTHETIC_TEST_ONLY
2026-05-26 16:58:12 INFO component=secrets_loader secret_type=TYPE2192_TOKEN value="token:10WDcMgJNdgVAJWGU6tsMDquzl-vAWRD" tag=SYNTHETIC_TEST_ONLY
2026-05-26 16:58:13 INFO component=secrets_loader secret_type=TYPE2193_PASSWORD value="password=-hA0wkyM4SpNPxQqDclPKOA77C8V14W" tag=SYNTHETIC_TEST_ONLY
2026-05-26 16:58:14 INFO component=secrets_loader secret_type=TYPE2194_CLIENT_SECRET value="client_secret=p3dw0keF_FY-EfTIWuW60Kt_bIAwLVrcImDmUmGsrq-wK" tag=SYNTHETIC_TEST_ONLY
2026-05-26 16:58:15 INFO component=secrets_loader secret_type=TYPE2195_BEARER value="Authorization: Bearer Syad5D-nJhE8A6Ht3ozqB7_k9hYTV8YE" tag=SYNTHETIC_TEST_ONLY
2026-05-26 16:58:16 INFO component=secrets_loader secret_type=TYPE2196_BASIC value="Authorization: Basic eWI2R0x3SWY6ajB6cUx1c2RFRDVT" tag=SYNTHETIC_TEST_ONLY
2026-05-26 16:58:17 INFO component=secrets_loader secret_type=TYPE2197_CONNSTR value="Server=tcp:3ffuXL.database.windows.net,1433;Database=L3smV1LT;User ID=KOneED;Password=CH9Pf3wHRg1ih9OoQdkMOmIbYFIrjbFhtkNeC7Bvi_4i3Z5ioElSt_;Encrypt=True;" tag=SYNTHETIC_TEST_ONLY
2026-05-26 16:58:18 INFO component=secrets_loader secret_type=TYPE2198_MONGO_URI value="mongodb+srv://OFdkAe:ieAhs3c1O3Owj45WgnDnnZ0hGUGRMNTM5dvk8NkSYezPGRsmj04Qh@U2JiKv.example.net/3ZOp7l?retryWrites=true&w=majority" tag=SYNTHETIC_TEST_ONLY
2026-05-26 16:58:19 INFO component=secrets_loader secret_type=TYPE2199_PG_URI value="postgresql://bqWKnt:aobqzI55V_-BhGspKBcNlH1xgrbVMaKUZfgj@drhr84.example.net:5432/qfNuE0zm" tag=SYNTHETIC_TEST_ONLY
2026-05-26 16:58:20 INFO component=secrets_loader secret_type=TYPE2200_REDIS_URI value="redis://:wqwprasrftJmNBqiAi1qu5Rb9RYSQvetRqN4rZ@ihlsIR.example.net:6379/0" tag=SYNTHETIC_TEST_ONLY
